node.exe : npm error code ENOSPC
At C:\Program Files\nodejs\npm.ps1:29 char:3
+   & $NODE_EXE $NPM_CLI_JS $args
+   ~~~~~~~~~~~~~~~~~~~~~~~~~~~~~
    + CategoryInfo          : NotSpecified: (npm error code ENOSPC:String) [], RemoteException
    + FullyQualifiedErrorId : NativeCommandError
 
npm error syscall write
npm error errno -4055
npm error nospc ENOSPC: no space left on device, write
npm error nospc There appears to be insufficient space on your system to finish.
npm error nospc Clear up some disk space and try again.
npm error A complete log of this run can be found in: C:\Users\Ahmed 
Saeed\AppData\Local\npm-cache\_logs\2026-06-16T13_13_46_198Z-debug-0.log
